<file path="/home/janreges/ai-distiller/testdata/java/04_advanced/source.java">
package com.aidi.test.advanced;
import java.io.Serializable;
import java.lang.annotation.ElementType;
import java.lang.annotation.Retention;
import java.lang.annotation.RetentionPolicy;
import java.lang.annotation.Target;
import java.nio.file.Files;
import java.nio.file.Path;

+class Advanced<T extends Number> {
    +<U extends T> U process(U input);
    +Runnable createRunner(int value);
    +void readFile(String filePath);
}
</file>
