<file path="/home/janreges/ai-distiller/test-data/comprehensive-tests/python/test_02_intermediate.py">
# test_02_intermediate.py
from typing import Optional

class Car:
    """Represents a car with basic attributes and methods.

    This class tests the parsing of a standard class structure, including
    the initializer, instance attributes, public/protected/private methods,
    and a property for controlled attribute access."""
    +def __init__(self, make: str, model: str, year: int)
    @property
    +def mileage(self) -> int
    +def start_engine(self) -> None
    +def drive(self, distance: int) -> None
    -def _get_diagnostic_code(self) -> Optional[str]
    -def __log_activity(self, message: str) -> None
+my_car = Car("Toyota", "Corolla", 2021)
</file>