<file path="/home/janreges/ai-distiller/test-data/comprehensive-tests/python/test_03_advanced.py">
# test_03_advanced.py
import time
from functools import wraps
+def timing_decorator(func)

class Device:
    # A base class for electronic devices.
    +def __init__(self, device_id: str)
    +def power_on(self)

class SmartPhone(Device):
    """A smartphone that inherits from Device.

    Tests inheritance, method overriding, super() calls, and various
    decorators (@staticmethod, @classmethod, custom)."""
    -_MAX_APPS = 100
    +def __init__(self, device_id: str, os: str)
    @timing_decorator
    +def install_app(self, app_name: str)
    @staticmethod
    +def is_portable() -> bool
    @classmethod
    +def create_default_phone(cls, device_id: str) -> 'SmartPhone'
    +def power_on(self)
+phone = SmartPhone.create_default_phone("SP-123")
</file>