<file path="/home/janreges/ai-distiller/testdata/go/02_simple.go/source.go">
package simple

import (
    "io"
)

type Writer interface
    Write(p []byte) (n int, err error)

type Data struct

func (d Data) ReadValue() string

func (d *Data) UpdateValue(v string)

func NewData(v string) *Data
</file>
