<file path="/home/janreges/ai-distiller/testdata/go/03_medium.go/source.go">
package medium

import (
    "fmt"
)

type Mover interface
    Move(x int, y int)

type Point struct
    X int
    Y int

func (p *Point) Move(x int, y int)

type Shape struct
    Name string
    Point

func ProcessShapes(shapes []Mover) (names []string)
</file>
